[backblue.gif]
[fade.gif]
[index.html]
[www.whitehouse.gov/presidential-actions/index.html]
[www.whitehouse.gov/presidential-actions/2025/01/establishing-and-implementing-the-presidents-department-of-government-efficiency/index.html]
[www.whitehouse.gov/presidential-actions/page/2/e,location.0.delayed]
[www.whitehouse.gov/presidential-actions/page/2/index.html]
[www.whitehouse.gov/presidential-actions/2025/01/establishing-and-implementing-the-presidents-department-of-government-efficiency/index.html]
[www.whitehouse.gov/presidential-actions/2025/01/america-first-policy-directive-to-the-secretary-of-state/index.html]
[www.whitehouse.gov/presidential-actions/2025/01/protecting-the-united-states-from-foreign-terrorists-and-othernational-security-and-public-safety-threats/index.html]
[www.whitehouse.gov/presidential-actions/2025/01/unleashing-alaskas-extraordinary-resource-potential/e,location.1.delayed]
[www.whitehouse.gov/presidential-actions/2025/01/unleashing-alaskas-extraordinary-resource-potential/index.html]
[www.whitehouse.gov/presidential-actions/2025/01/protecting-the-american-people-against-invasion/index.html]
[www.whitehouse.gov/presidential-actions/2025/01/the-organization-for-economic-co-operation-and-development-oecd-global-tax-deal-global-tax-deal/e,location.2.delayed]
[www.whitehouse.gov/presidential-actions/2025/01/the-organization-for-economic-co-operation-and-development-oecd-global-tax-deal-global-tax-deal/index.html]
[www.whitehouse.gov/presidential-actions/2025/01/organization-of-the-national-security-council-and-subcommittees/index.html]
[www.whitehouse.gov/presidential-actions/2025/01/reevaluating-and-realigning-united-states-foreign-aid/e,location.3.delayed]
[www.whitehouse.gov/presidential-actions/2025/01/reevaluating-and-realigning-united-states-foreign-aid/index.html]
[www.whitehouse.gov/presidential-actions/2025/01/temporary-withdrawal-of-all-areas-on-the-outer-/index.html]
[www.whitehouse.gov/presidential-actions/2025/01/declaring-a-national-energy-emergency/index.html]
[www.whitehouse.gov/presidential-actions/page/3/index.html]
[www.whitehouse.gov/presidential-actions/page/4/index.html]
[www.whitehouse.gov/presidential-actions/page/2/e,location.html]
[www.whitehouse.gov/presidential-actions/2025/01/restoring-accountability-for-career-senior-executives/index.html]
[www.whitehouse.gov/presidential-actions/2025/01/promoting-beautiful-federal-civic-architecture/index.html]
[www.whitehouse.gov/presidential-actions/2025/01/restoring-the-death-penalty-and-protecting-public-safety/index.html]
[www.whitehouse.gov/presidential-actions/2025/01/putting-people-over-fish-stopping-radical-environmentalism-to-provide-water-to-southern-california/index.html]
[www.whitehouse.gov/presidential-actions/2025/01/securing-our-borders/index.html]
[www.whitehouse.gov/presidential-actions/2025/01/protecting-the-meaning-and-value-of-american-citizenship/index.html]
[www.whitehouse.gov/presidential-actions/2025/01/realigning-the-united-states-refugee-admissions-program/index.html]
[www.whitehouse.gov/presidential-actions/2025/01/unleashing-american-energy/index.html]
[www.whitehouse.gov/presidential-actions/2025/01/clarifying-the-militarys-role-in-protecting-the-territorial-integrity-of-the-united-states/index.html]
[www.whitehouse.gov/presidential-actions/2025/01/america-first-trade-policy/index.html]
[www.whitehouse.gov/presidential-actions/2025/01/unleashing-alaskas-extraordinary-resource-potential/e,location.html]
[www.whitehouse.gov/presidential-actions/2025/01/the-organization-for-economic-co-operation-and-development-oecd-global-tax-deal-global-tax-deal/e,location.html]
[www.whitehouse.gov/presidential-actions/2025/01/reevaluating-and-realigning-united-states-foreign-aid/e,location.html]
[www.whitehouse.gov/presidential-actions/2025/01/hiring-freeze/index.html]
[www.whitehouse.gov/presidential-actions/2025/01/regulatory-freeze-pending-review/index.html]
[www.whitehouse.gov/presidential-actions/2025/01/return-to-in-person-work/index.html]
[www.whitehouse.gov/presidential-actions/2025/01/ending-the-weaponization-of-the-federal-government/index.html]
[www.whitehouse.gov/presidential-actions/2025/01/restoring-freedom-of-speech-and-ending-federal-censorship/index.html]
[www.whitehouse.gov/presidential-actions/2025/01/initial-rescissions-of-harmful-executive-orders-and-actions/index.html]
[www.whitehouse.gov/presidential-actions/2025/01/flying-the-flag-of-the-united-states-at-full-staff-on-inauguration-day/index.html]
[www.whitehouse.gov/presidential-actions/2025/01/designation-of-chairmen-and-acting-chairmen/index.html]
[www.whitehouse.gov/presidential-actions/2025/01/designation-of-acting-leaders/index.html]
[www.whitehouse.gov/presidential-actions/2025/01/sub-cabinet-appointments/index.html]
[www.whitehouse.gov/presidential-actions/2025/01/cabinet-and-cabinet-level-appointments/index.html]
