[www.whitehouse.gov/presidential-actions/index.html]
[www.whitehouse.gov/presidential-actions/e,location.href]
[backblue.gif]
[fade.gif]
[index.html]
[www.whitehouse.gov/presidential-actions/index.html]
[www.whitehouse.gov/presidential-actions/2025/01/protecting-the-meaning-and-value-of-american-citizenship/index.html]
[www.whitehouse.gov/presidential-actions/e,location.html]
[www.whitehouse.gov/presidential-actions/page/2/index.html]
[www.whitehouse.gov/presidential-actions/2025/01/putting-people-over-fish-stopping-radical-environmentalism-to-provide-water-to-southern-california/index.html]
[www.whitehouse.gov/presidential-actions/page/2/index.html]
[www.whitehouse.gov/presidential-actions/2025/01/securing-our-borders/index.html]
[www.whitehouse.gov/presidential-actions/2025/01/putting-people-over-fish-stopping-radical-environmentalism-to-provide-water-to-southern-california/index.html]
[www.whitehouse.gov/presidential-actions/2025/01/realigning-the-united-states-refugee-admissions-program/index.html]
[www.whitehouse.gov/presidential-actions/2025/01/clarifying-the-militarys-role-in-protecting-the-territorial-integrity-of-the-united-states/index.html]
[www.whitehouse.gov/presidential-actions/2025/01/unleashing-american-energy/index.html]
[www.whitehouse.gov/presidential-actions/2025/01/securing-our-borders/e,location.href]
[www.whitehouse.gov/presidential-actions/2025/01/america-first-trade-policy/index.html]
[www.whitehouse.gov/presidential-actions/2025/01/securing-our-borders/index.html]
[www.whitehouse.gov/presidential-actions/2025/01/memorandum-to-resolve-the-backlog-of-security-clearances-for-executive-office-of-the-president-personnel/index.html]
[www.whitehouse.gov/presidential-actions/2025/01/declaring-a-national-emergency-at-the-southern-border-of-the-united-states/index.html]
[www.whitehouse.gov/presidential-actions/2025/01/holding-former-government-officials-accountablefor-election-interference-and-improper-disclosure-of-sensitive-governmental-information/index.html]
[www.whitehouse.gov/presidential-actions/page/3/index.html]
[www.whitehouse.gov/presidential-actions/2025/01/protecting-the-meaning-and-value-of-american-citizenship/index.html]
[www.whitehouse.gov/presidential-actions/2025/01/restoring-accountability-to-policy-influencing-positions-within-the-federal-workforce/index.html]
[www.whitehouse.gov/presidential-actions/2025/01/realigning-the-united-states-refugee-admissions-program/index.html]
[www.whitehouse.gov/presidential-actions/2025/01/granting-pardons-and-commutation-of-sentences-for-certain-offenses-relating-to-the-events-at-or-near-the-united-states-capitol-on-january-6-2021/index.html]
[www.whitehouse.gov/presidential-actions/2025/01/application-of-protecting-americans-from-foreign-adversary-controlled-applications-act-to-tiktok/index.html]
[www.whitehouse.gov/presidential-actions/2025/01/withdrawing-the-united-states-from-the-worldhealth-organization/index.html]
[www.whitehouse.gov/presidential-actions/2025/01/unleashing-american-energy/index.html]
[www.whitehouse.gov/presidential-actions/2025/01/putting-america-first-in-international-environmental-agreements/index.html]
[www.whitehouse.gov/presidential-actions/2025/01/clarifying-the-militarys-role-in-protecting-the-territorial-integrity-of-the-united-states/index.html]
[www.whitehouse.gov/presidential-actions/2025/01/delivering-emergency-price-relief-for-american-families-and-defeating-the-cost-of-living-crisis/index.html]
[www.whitehouse.gov/presidential-actions/2025/01/regulatory-freeze-pending-review/index.html]
[www.whitehouse.gov/presidential-actions/2025/01/america-first-trade-policy/index.html]
[www.whitehouse.gov/presidential-actions/2025/01/memorandum-to-resolve-the-backlog-of-security-clearances-for-executive-office-of-the-president-personnel/index.html]
[www.whitehouse.gov/presidential-actions/2025/01/declaring-a-national-emergency-at-the-southern-border-of-the-united-states/index.html]
[www.whitehouse.gov/presidential-actions/2025/01/holding-former-government-officials-accountablefor-election-interference-and-improper-disclosure-of-sensitive-governmental-information/index.html]
[www.whitehouse.gov/presidential-actions/page/3/index.html]
[www.whitehouse.gov/presidential-actions/2025/01/hiring-freeze/index.html]
[www.whitehouse.gov/presidential-actions/2025/01/restoring-accountability-to-policy-influencing-positions-within-the-federal-workforce/index.html]
[www.whitehouse.gov/presidential-actions/2025/01/return-to-in-person-work/index.html]
[www.whitehouse.gov/presidential-actions/2025/01/withdrawing-the-united-states-from-the-worldhealth-organization/index.html]
[www.whitehouse.gov/presidential-actions/2025/01/restoring-freedom-of-speech-and-ending-federal-censorship/index.html]
[www.whitehouse.gov/presidential-actions/2025/01/ending-the-weaponization-of-the-federal-government/index.html]
[www.whitehouse.gov/presidential-actions/2025/01/application-of-protecting-americans-from-foreign-adversary-controlled-applications-act-to-tiktok/index.html]
[www.whitehouse.gov/presidential-actions/2025/01/initial-rescissions-of-harmful-executive-orders-and-actions/index.html]
[www.whitehouse.gov/presidential-actions/2025/01/granting-pardons-and-commutation-of-sentences-for-certain-offenses-relating-to-the-events-at-or-near-the-united-states-capitol-on-january-6-2021/index.html]
[www.whitehouse.gov/presidential-actions/2025/01/flying-the-flag-of-the-united-states-at-full-staff-on-inauguration-day/index.html]
[www.whitehouse.gov/presidential-actions/2025/01/putting-america-first-in-international-environmental-agreements/index.html]
[www.whitehouse.gov/presidential-actions/2025/01/designation-of-acting-leaders/index.html]
[www.whitehouse.gov/presidential-actions/2025/01/delivering-emergency-price-relief-for-american-families-and-defeating-the-cost-of-living-crisis/index.html]
[www.whitehouse.gov/presidential-actions/2025/01/sub-cabinet-appointments/index.html]
[www.whitehouse.gov/presidential-actions/2025/01/hiring-freeze/e,location.href]
[www.whitehouse.gov/presidential-actions/2025/01/cabinet-and-cabinet-level-appointments/index.html]
[www.whitehouse.gov/presidential-actions/2025/01/hiring-freeze/index.html]
[www.whitehouse.gov/presidential-actions/2025/01/regulatory-freeze-pending-review/index.html]
[www.whitehouse.gov/presidential-actions/2025/01/return-to-in-person-work/index.html]
[www.whitehouse.gov/presidential-actions/2025/01/ending-the-weaponization-of-the-federal-government/index.html]
[www.whitehouse.gov/presidential-actions/2025/01/securing-our-borders/e,location.html]
[www.whitehouse.gov/presidential-actions/2025/01/restoring-freedom-of-speech-and-ending-federal-censorship/index.html]
[www.whitehouse.gov/presidential-actions/2025/01/initial-rescissions-of-harmful-executive-orders-and-actions/index.html]
[www.whitehouse.gov/presidential-actions/2025/01/flying-the-flag-of-the-united-states-at-full-staff-on-inauguration-day/index.html]
[www.whitehouse.gov/presidential-actions/2025/01/designation-of-chairmen-and-acting-chairmen/index.html]
[www.whitehouse.gov/presidential-actions/2025/01/designation-of-chairmen-and-acting-chairmen/e,location.href]
[www.whitehouse.gov/presidential-actions/2025/01/designation-of-chairmen-and-acting-chairmen/index.html]
[www.whitehouse.gov/presidential-actions/2025/01/designation-of-acting-leaders/index.html]
[www.whitehouse.gov/presidential-actions/2025/01/sub-cabinet-appointments/index.html]
[www.whitehouse.gov/presidential-actions/2025/01/cabinet-and-cabinet-level-appointments/index.html]
[www.whitehouse.gov/presidential-actions/2025/01/hiring-freeze/e,location.html]
[www.whitehouse.gov/presidential-actions/2025/01/designation-of-chairmen-and-acting-chairmen/e,location.html]
